117.107.147.153 - - [14/May/2020:01:44:38 -0700] "GET / HTTP/1.1" 200 12774 "-" "Mozilla/5.0 (Windows NT 10.0; WOW64) AppleWebKit/537.36 (KHTML, like Gecko) Chrome/78.0.3904.108 Safari/537.36" 
117.107.147.153 - - [14/May/2020:01:44:39 -0700] "GET /css/style.css HTTP/1.1" 404 328 "http://www.secrepo.com/" "Mozilla/5.0 (Windows NT 10.0; WOW64) AppleWebKit/537.36 (KHTML, like Gecko) Chrome/78.0.3904.108 Safari/537.36" 
64.233.172.240 - - [14/May/2020:01:56:25 -0700] "GET / HTTP/1.1" 200 12774 "-" "Mozilla/5.0 (X11; Linux x86_64) AppleWebKit/537.36 (KHTML, like Gecko) Chrome/49.0.2623.75 Safari/537.36 Google Favicon" 
64.233.172.240 - - [14/May/2020:01:56:25 -0700] "GET /bootstrap/img/favicon.ico HTTP/1.1" 200 690 "-" "Mozilla/5.0 (X11; Linux x86_64) AppleWebKit/537.36 (KHTML, like Gecko) Chrome/49.0.2623.75 Safari/537.36 Google Favicon" 
58.182.203.45 - - [14/May/2020:02:03:57 -0700] "GET / HTTP/1.1" 200 12774 "-" "Mozilla/5.0 (Windows NT 10.0; Win64; x64) AppleWebKit/537.36 (KHTML, like Gecko) Chrome/81.0.4044.138 Safari/537.36" 
58.182.203.45 - - [14/May/2020:02:03:58 -0700] "GET /css/style.css HTTP/1.1" 404 305 "http://www.secrepo.com/" "Mozilla/5.0 (Windows NT 10.0; Win64; x64) AppleWebKit/537.36 (KHTML, like Gecko) Chrome/81.0.4044.138 Safari/537.36" 
34.67.155.44 - - [14/May/2020:02:12:47 -0700] "GET / HTTP/1.1" 200 12774 "http://www.secrepo.com/" "Mozilla/5.0 (Windows NT 10.0; WOW64; Rv:50.0) Gecko/20100101 Firefox/50.0" 
111.202.101.70 - - [14/May/2020:02:16:41 -0700] "GET / HTTP/1.1" 200 12736 "-" "Sogou web spider/4.0(+http://www.sogou.com/docs/help/webmasters.htm#07)" 
66.249.64.45 - - [14/May/2020:02:19:25 -0700] "GET /Datasets%20Description/HTML_Bro_log_1/app_stats.html HTTP/1.1" 304 276 "-" "Mozilla/5.0 (Linux; Android 6.0.1; Nexus 5X Build/MMB29P) AppleWebKit/537.36 (KHTML, like Gecko) Chrome/41.0.2272.96 Mobile Safari/537.36 (compatible; Googlebot/2.1; +http://www.google.com/bot.html)" 
207.46.13.134 - - [14/May/2020:02:24:32 -0700] "GET /Datasets%20Description/Network/smtp.html HTTP/1.1" 304 277 "-" "Mozilla/5.0 (compatible; bingbot/2.0; +http://www.bing.com/bingbot.htm)" 
203.156.230.97 - - [14/May/2020:02:24:47 -0700] "GET / HTTP/1.1" 200 12773 "-" "Mozilla/5.0 (Windows NT 10.0; Win64; x64) AppleWebKit/537.36 (KHTML, like Gecko) Chrome/81.0.4044.138 Safari/537.36" 
203.156.230.97 - - [14/May/2020:02:24:52 -0700] "GET /css/style.css HTTP/1.1" 404 328 "http://www.secrepo.com/" "Mozilla/5.0 (Windows NT 10.0; Win64; x64) AppleWebKit/537.36 (KHTML, like Gecko) Chrome/81.0.4044.138 Safari/537.36" 
203.156.230.97 - - [14/May/2020:02:24:57 -0700] "GET /twitter-icon.png HTTP/1.1" 200 27916 "http://www.secrepo.com/" "Mozilla/5.0 (Windows NT 10.0; Win64; x64) AppleWebKit/537.36 (KHTML, like Gecko) Chrome/81.0.4044.138 Safari/537.36" 
203.156.230.97 - - [14/May/2020:02:24:57 -0700] "GET /GitHub-Mark.png HTTP/1.1" 200 7556 "http://www.secrepo.com/" "Mozilla/5.0 (Windows NT 10.0; Win64; x64) AppleWebKit/537.36 (KHTML, like Gecko) Chrome/81.0.4044.138 Safari/537.36" 
66.249.64.45 - - [14/May/2020:02:28:54 -0700] "GET /Datasets%20Description/HTML_Bro_log_1/dhcp.html HTTP/1.1" 304 277 "-" "Mozilla/5.0 (Linux; Android 6.0.1; Nexus 5X Build/MMB29P) AppleWebKit/537.36 (KHTML, like Gecko) Chrome/41.0.2272.96 Mobile Safari/537.36 (compatible; Googlebot/2.1; +http://www.google.com/bot.html)" 
203.205.141.47 - - [14/May/2020:02:32:08 -0700] "GET /favicon.ico HTTP/1.1" 200 391 "-" "Mozilla/5.0 (Windows NT 10.0; WOW64) AppleWebKit/537.36 (KHTML, like Gecko) Chrome/70.0.3538.25 Safari/537.36 Core/1.70.3742.400 QQBrowser/10.5.3866.400" 
66.249.64.45 - - [14/May/2020:02:43:06 -0700] "GET /Datasets%20Description/HTML_Bro_log_3/packet_filter.html HTTP/1.1" 304 276 "-" "Mozilla/5.0 (Linux; Android 6.0.1; Nexus 5X Build/MMB29P) AppleWebKit/537.36 (KHTML, like Gecko) Chrome/41.0.2272.96 Mobile Safari/537.36 (compatible; Googlebot/2.1; +http://www.google.com/bot.html)" 
101.91.62.65 - - [14/May/2020:02:44:32 -0700] "GET / HTTP/1.1" 200 47602 "-" "Mozilla/5.0 (Windows NT 6.1; WOW64; Trident/7.0; SLCC2; .NET CLR 2.0.50727; .NET CLR 3.5.30729; .NET CLR 3.0.30729; Media Center PC 6.0; .NET4.0C; .NET4.0E; InfoPath.3; rv:11.0) like Gecko" 
117.107.147.153 - - [14/May/2020:02:46:13 -0700] "GET / HTTP/1.1" 200 12774 "-" "Mozilla/5.0 (Windows NT 10.0; WOW64) AppleWebKit/537.36 (KHTML, like Gecko) Chrome/78.0.3904.108 Safari/537.36" 
117.107.147.153 - - [14/May/2020:02:46:15 -0700] "GET /css/style.css HTTP/1.1" 404 328 "http://www.secrepo.com/" "Mozilla/5.0 (Windows NT 10.0; WOW64) AppleWebKit/537.36 (KHTML, like Gecko) Chrome/78.0.3904.108 Safari/537.36" 
66.249.64.49 - - [14/May/2020:02:47:51 -0700] "GET /Datasets%20Description/HTML_Bro_log_1/http.html HTTP/1.1" 200 2034 "-" "Mozilla/5.0 (Linux; Android 6.0.1; Nexus 5X Build/MMB29P) AppleWebKit/537.36 (KHTML, like Gecko) Chrome/41.0.2272.96 Mobile Safari/537.36 (compatible; Googlebot/2.1; +http://www.google.com/bot.html)" 
47.111.229.152 - - [14/May/2020:02:48:25 -0700] "GET /data/admin/allowurl.txt HTTP/1.1" 404 328 "-" "Mozilla/5.0 (Windows NT 10.0; WOW64; rv:48.0) Gecko/20100101 Firefox/48.0" 
42.236.10.78 - - [14/May/2020:02:50:52 -0700] "GET / HTTP/1.1" 200 12774 "http://baidu.com/" "Mozilla/5.0 (Linux; U; Android 8.1.0; zh-CN; EML-AL00 Build/HUAWEIEML-AL00) AppleWebKit/537.36 (KHTML, like Gecko) Version/4.0 Chrome/57.0.2987.108 baidu.sogo.uc.UCBrowser/11.9.4.974 UWS/2.13.1.48 Mobile Safari/537.36 AliApp(DingTalk/4.5.11) com.alibaba.android.rimet/10487439 Channel/227200 language/zh-CN" 
42.236.10.75 - - [14/May/2020:02:50:53 -0700] "GET /css/style.css HTTP/1.1" 404 328 "http://www.secrepo.com/" "Mozilla/5.0 (Linux; U; Android 8.1.0; zh-CN; EML-AL00 Build/HUAWEIEML-AL00) AppleWebKit/537.36 (KHTML, like Gecko) Version/4.0 Chrome/57.0.2987.108 baidu.sogo.uc.UCBrowser/11.9.4.974 UWS/2.13.1.48 Mobile Safari/537.36 AliApp(DingTalk/4.5.11) com.alibaba.android.rimet/10487439 Channel/227200 language/zh-CN" 
66.249.64.45 - - [14/May/2020:02:52:35 -0700] "GET /Datasets%20Description/HTML_Bro_log_2/dpd.html HTTP/1.1" 200 1655 "-" "Mozilla/5.0 (Linux; Android 6.0.1; Nexus 5X Build/MMB29P) AppleWebKit/537.36 (KHTML, like Gecko) Chrome/41.0.2272.96 Mobile Safari/537.36 (compatible; Googlebot/2.1; +http://www.google.com/bot.html)" 
157.55.39.17 - - [14/May/2020:03:09:20 -0700] "GET /robots.txt HTTP/1.1" 301 495 "-" "Mozilla/5.0 (compatible; bingbot/2.0; +http://www.bing.com/bingbot.htm)" 
157.55.39.17 - - [14/May/2020:03:09:20 -0700] "GET /robots.txt HTTP/1.1" 200 377 "-" "Mozilla/5.0 (compatible; bingbot/2.0; +http://www.bing.com/bingbot.htm)" 
157.55.39.160 - - [14/May/2020:03:09:24 -0700] "GET / HTTP/1.1" 301 475 "-" "Mozilla/5.0 (compatible; bingbot/2.0; +http://www.bing.com/bingbot.htm)" 
157.55.39.160 - - [14/May/2020:03:11:25 -0700] "GET / HTTP/1.1" 200 12774 "-" "Mozilla/5.0 (compatible; bingbot/2.0; +http://www.bing.com/bingbot.htm)" 
66.249.64.49 - - [14/May/2020:03:16:16 -0700] "GET /Datasets%20Description/HTML_Bro_log_2/irc.html HTTP/1.1" 200 1771 "-" "Mozilla/5.0 (Linux; Android 6.0.1; Nexus 5X Build/MMB29P) AppleWebKit/537.36 (KHTML, like Gecko) Chrome/41.0.2272.96 Mobile Safari/537.36 (compatible; Googlebot/2.1; +http://www.google.com/bot.html)" 
77.75.76.168 - - [14/May/2020:03:19:53 -0700] "GET /robots.txt HTTP/1.1" 200 377 "-" "Mozilla/5.0 (compatible; SeznamBot/3.2; +http://napoveda.seznam.cz/en/seznambot-intro/)" 
77.75.76.168 - - [14/May/2020:03:19:54 -0700] "GET /GitHub-Mark.png HTTP/1.1" 304 281 "-" "Mozilla/5.0 (compatible; SeznamBot/3.2; +http://napoveda.seznam.cz/en/seznambot-intro/)" 
49.7.20.128 - - [14/May/2020:03:22:26 -0700] "GET / HTTP/1.1" 200 12737 "-" "Sogou web spider/4.0(+http://www.sogou.com/docs/help/webmasters.htm#07)" 
157.55.39.160 - - [14/May/2020:03:22:48 -0700] "GET /self.logs/error.log.2018-01-30.gz HTTP/1.1" 200 1212 "-" "Mozilla/5.0 (compatible; bingbot/2.0; +http://www.bing.com/bingbot.htm)" 
185.234.218.174 - - [14/May/2020:03:30:25 -0700] "GET /forums/ HTTP/1.1" 301 489 "-" "Mozilla/5.0 (Windows NT 6.3; Win64; x64) AppleWebKit/537.36 (KHTML, like Gecko) Chrome/62.0.3202.94 Safari/537.36" 
185.234.218.174 - - [14/May/2020:03:30:25 -0700] "GET /forums/ HTTP/1.1" 404 328 "-" "Mozilla/5.0 (Windows NT 6.3; Win64; x64) AppleWebKit/537.36 (KHTML, like Gecko) Chrome/62.0.3202.94 Safari/537.36" 
185.234.218.174 - - [14/May/2020:03:30:25 -0700] "GET /vb/ HTTP/1.1" 301 480 "-" "Mozilla/5.0 (Windows NT 6.3; Win64; x64) AppleWebKit/537.36 (KHTML, like Gecko) Chrome/62.0.3202.94 Safari/537.36" 
185.234.218.174 - - [14/May/2020:03:30:25 -0700] "GET /vb/ HTTP/1.1" 404 305 "-" "Mozilla/5.0 (Windows NT 6.3; Win64; x64) AppleWebKit/537.36 (KHTML, like Gecko) Chrome/62.0.3202.94 Safari/537.36" 
185.234.218.174 - - [14/May/2020:03:30:25 -0700] "GET /vbb/ HTTP/1.1" 301 482 "-" "Mozilla/5.0 (Windows NT 6.3; Win64; x64) AppleWebKit/537.36 (KHTML, like Gecko) Chrome/62.0.3202.94 Safari/537.36" 
185.234.218.174 - - [14/May/2020:03:30:25 -0700] "GET /vbb/ HTTP/1.1" 404 305 "-" "Mozilla/5.0 (Windows NT 6.3; Win64; x64) AppleWebKit/537.36 (KHTML, like Gecko) Chrome/62.0.3202.94 Safari/537.36" 
185.234.218.174 - - [14/May/2020:03:30:26 -0700] "GET /vb3/ HTTP/1.1" 301 482 "-" "Mozilla/5.0 (Windows NT 6.3; Win64; x64) AppleWebKit/537.36 (KHTML, like Gecko) Chrome/62.0.3202.94 Safari/537.36" 
185.234.218.174 - - [14/May/2020:03:30:26 -0700] "GET /vb3/ HTTP/1.1" 404 305 "-" "Mozilla/5.0 (Windows NT 6.3; Win64; x64) AppleWebKit/537.36 (KHTML, like Gecko) Chrome/62.0.3202.94 Safari/537.36" 
185.234.218.174 - - [14/May/2020:03:30:26 -0700] "GET /forum/ HTTP/1.1" 301 486 "-" "Mozilla/5.0 (Windows NT 6.3; Win64; x64) AppleWebKit/537.36 (KHTML, like Gecko) Chrome/62.0.3202.94 Safari/537.36" 
185.234.218.174 - - [14/May/2020:03:30:26 -0700] "GET /forum/ HTTP/1.1" 404 305 "-" "Mozilla/5.0 (Windows NT 6.3; Win64; x64) AppleWebKit/537.36 (KHTML, like Gecko) Chrome/62.0.3202.94 Safari/537.36" 
207.46.13.210 - - [14/May/2020:03:37:49 -0700] "GET /sitemaps.xml HTTP/1.1" 404 328 "-" "Mozilla/5.0 (compatible; bingbot/2.0; +http://www.bing.com/bingbot.htm)" 
213.160.156.96 - - [14/May/2020:03:42:00 -0700] "GET / HTTP/1.1" 200 12774 "-" "Mozilla/5.0 (Macintosh; Intel Mac OS X 10_15_4) AppleWebKit/537.36 (KHTML, like Gecko) Chrome/81.0.4044.138 Safari/537.36" 
213.160.156.96 - - [14/May/2020:03:42:00 -0700] "GET /css/style.css HTTP/1.1" 404 305 "http://www.secrepo.com/" "Mozilla/5.0 (Macintosh; Intel Mac OS X 10_15_4) AppleWebKit/537.36 (KHTML, like Gecko) Chrome/81.0.4044.138 Safari/537.36" 
213.160.156.96 - - [14/May/2020:03:42:00 -0700] "GET /twitter-icon.png HTTP/1.1" 200 27893 "http://www.secrepo.com/" "Mozilla/5.0 (Macintosh; Intel Mac OS X 10_15_4) AppleWebKit/537.36 (KHTML, like Gecko) Chrome/81.0.4044.138 Safari/537.36" 
213.160.156.96 - - [14/May/2020:03:42:00 -0700] "GET /GitHub-Mark.png HTTP/1.1" 200 7556 "http://www.secrepo.com/" "Mozilla/5.0 (Macintosh; Intel Mac OS X 10_15_4) AppleWebKit/537.36 (KHTML, like Gecko) Chrome/81.0.4044.138 Safari/537.36" 
213.160.156.96 - - [14/May/2020:03:42:01 -0700] "GET /bootstrap/img/favicon.ico HTTP/1.1" 200 690 "http://www.secrepo.com/" "Mozilla/5.0 (Macintosh; Intel Mac OS X 10_15_4) AppleWebKit/537.36 (KHTML, like Gecko) Chrome/81.0.4044.138 Safari/537.36" 
213.160.156.96 - - [14/May/2020:03:42:01 -0700] "GET / HTTP/1.1" 200 12751 "-" "Mozilla/5.0 (Macintosh; Intel Mac OS X 10_15_4) AppleWebKit/537.36 (KHTML, like Gecko) Chrome/81.0.4044.138 Safari/537.36" 
119.160.119.95 - - [14/May/2020:03:44:44 -0700] "GET /css/style.css HTTP/1.1" 404 328 "http://www.secrepo.com/" "Mozilla/5.0 (Windows NT 10.0; Win64; x64) AppleWebKit/537.36 (KHTML, like Gecko) Chrome/81.0.4044.138 Safari/537.36" 
119.160.119.95 - - [14/May/2020:03:44:44 -0700] "GET /twitter-icon.png HTTP/1.1" 206 448 "http://www.secrepo.com/" "Mozilla/5.0 (Windows NT 10.0; Win64; x64) AppleWebKit/537.36 (KHTML, like Gecko) Chrome/81.0.4044.138 Safari/537.36" 
119.160.119.95 - - [14/May/2020:03:44:44 -0700] "GET /GitHub-Mark.png HTTP/1.1" 206 447 "http://www.secrepo.com/" "Mozilla/5.0 (Windows NT 10.0; Win64; x64) AppleWebKit/537.36 (KHTML, like Gecko) Chrome/81.0.4044.138 Safari/537.36" 
119.160.119.95 - - [14/May/2020:03:44:45 -0700] "GET /twitter-icon.png HTTP/1.1" 206 18972 "http://www.secrepo.com/" "Mozilla/5.0 (Windows NT 10.0; Win64; x64) AppleWebKit/537.36 (KHTML, like Gecko) Chrome/81.0.4044.138 Safari/537.36" 
119.160.119.95 - - [14/May/2020:03:44:45 -0700] "GET /GitHub-Mark.png HTTP/1.1" 206 5304 "http://www.secrepo.com/" "Mozilla/5.0 (Windows NT 10.0; Win64; x64) AppleWebKit/537.36 (KHTML, like Gecko) Chrome/81.0.4044.138 Safari/537.36" 
157.55.39.213 - - [14/May/2020:03:46:26 -0700] "GET /Datasets%20Description/Network/http.html HTTP/1.1" 200 1709 "-" "Mozilla/5.0 (compatible; bingbot/2.0; +http://www.bing.com/bingbot.htm)" 
85.208.96.69 - - [14/May/2020:03:48:20 -0700] "GET /robots.txt HTTP/1.1" 301 439 "-" "Mozilla/5.0 (compatible; SemrushBot/1.0~bm; +http://www.semrush.com/bot.html)" 
85.208.96.69 - - [14/May/2020:03:48:23 -0700] "GET /robots.txt HTTP/1.1" 200 333 "-" "Mozilla/5.0 (compatible; SemrushBot/1.0~bm; +http://www.semrush.com/bot.html)" 
100.26.3.140 - - [14/May/2020:03:48:46 -0700] "GET / HTTP/1.1" 301 475 "-" "python-requests/2.18.1" 
100.26.3.140 - - [14/May/2020:03:48:46 -0700] "GET / HTTP/1.1" 200 12774 "-" "python-requests/2.18.1" 
100.26.3.140 - - [14/May/2020:03:48:46 -0700] "GET / HTTP/1.1" 200 12774 "-" "python-requests/2.18.1" 
100.26.3.140 - - [14/May/2020:03:48:46 -0700] "GET / HTTP/1.1" 200 12774 "-" "python-requests/2.18.1" 
111.186.51.161 - - [14/May/2020:03:55:54 -0700] "GET /Security-Data-Analysis/Lab_1/conn.log.zip HTTP/1.1" 200 76880 "-" "Mozilla/5.0 (Windows NT 10.0; Win64; x64) AppleWebKit/537.36 (KHTML, like Gecko) Chrome/81.0.4044.138 Safari/537.36" 
111.186.51.161 - - [14/May/2020:03:56:06 -0700] "GET /Security-Data-Analysis/Lab_1/conn.log.zip HTTP/1.1" 206 1049036 "-" "Mozilla/5.0 (Windows NT 10.0; Win64; x64) AppleWebKit/537.36 (KHTML, like Gecko) Chrome/67.0.3396.99 Safari/537.36" 
111.186.51.161 - - [14/May/2020:03:56:06 -0700] "GET /Security-Data-Analysis/Lab_1/conn.log.zip HTTP/1.1" 206 1049036 "-" "Mozilla/5.0 (Windows NT 10.0; Win64; x64) AppleWebKit/537.36 (KHTML, like Gecko) Chrome/67.0.3396.99 Safari/537.36" 
111.186.51.161 - - [14/May/2020:03:56:06 -0700] "GET /Security-Data-Analysis/Lab_1/conn.log.zip HTTP/1.1" 206 1049036 "-" "Mozilla/5.0 (Windows NT 10.0; Win64; x64) AppleWebKit/537.36 (KHTML, like Gecko) Chrome/67.0.3396.99 Safari/537.36" 
111.186.51.161 - - [14/May/2020:03:56:06 -0700] "GET /Security-Data-Analysis/Lab_1/conn.log.zip HTTP/1.1" 206 1049036 "-" "Mozilla/5.0 (Windows NT 10.0; Win64; x64) AppleWebKit/537.36 (KHTML, like Gecko) Chrome/67.0.3396.99 Safari/537.36" 
40.94.104.26 - - [14/May/2020:03:56:34 -0700] "GET / HTTP/1.1" 301 475 "-" "Mozilla/5.0 (Windows NT 10.0; Win64; x64) AppleWebKit/537.36 (KHTML, like Gecko) Chrome/79.0.3945.130 Safari/537.36" 
40.94.104.57 - - [14/May/2020:03:56:35 -0700] "GET / HTTP/1.1" 200 12774 "-" "Mozilla/5.0 (Windows NT 10.0; Win64; x64) AppleWebKit/537.36 (KHTML, like Gecko) Chrome/79.0.3945.130 Safari/537.36" 
40.94.104.57 - - [14/May/2020:03:56:35 -0700] "GET /css/style.css HTTP/1.1" 404 305 "http://www.secrepo.com/" "Mozilla/5.0 (Windows NT 10.0; Win64; x64) AppleWebKit/537.36 (KHTML, like Gecko) Chrome/79.0.3945.130 Safari/537.36" 
40.94.104.57 - - [14/May/2020:03:56:36 -0700] "GET /twitter-icon.png HTTP/1.1" 200 27893 "http://www.secrepo.com/" "Mozilla/5.0 (Windows NT 10.0; Win64; x64) AppleWebKit/537.36 (KHTML, like Gecko) Chrome/79.0.3945.130 Safari/537.36" 
40.94.104.80 - - [14/May/2020:03:56:36 -0700] "GET /GitHub-Mark.png HTTP/1.1" 200 7556 "http://www.secrepo.com/" "Mozilla/5.0 (Windows NT 10.0; Win64; x64) AppleWebKit/537.36 (KHTML, like Gecko) Chrome/79.0.3945.130 Safari/537.36" 
40.94.104.39 - - [14/May/2020:03:56:43 -0700] "GET /bootstrap/img/favicon.ico HTTP/1.1" 200 713 "http://www.secrepo.com/" "Mozilla/5.0 (Windows NT 10.0; Win64; x64) AppleWebKit/537.36 (KHTML, like Gecko) Chrome/79.0.3945.130 Safari/537.36" 
104.222.33.160 - - [14/May/2020:03:58:18 -0700] "GET / HTTP/1.1" 301 475 "-" "Mozilla/5.0 (Windows NT 10.0; Win64; x64; rv:64.0) Gecko/20100101 Firefox/64.0" 
104.222.33.160 - - [14/May/2020:03:58:18 -0700] "GET / HTTP/1.1" 200 47602 "-" "Mozilla/5.0 (Windows NT 10.0; Win64; x64; rv:64.0) Gecko/20100101 Firefox/64.0" 
104.222.33.182 - - [14/May/2020:03:58:19 -0700] "GET /bootstrap/img/favicon.ico HTTP/1.1" 200 713 "-" "Mozilla/5.0 (Windows NT 10.0; Win64; x64; rv:64.0) Gecko/20100101 Firefox/64.0" 
104.222.33.29 - - [14/May/2020:03:58:19 -0700] "GET /favicon.ico HTTP/1.1" 301 497 "-" "Mozilla/5.0 (Windows NT 10.0; Win64; x64; rv:64.0) Gecko/20100101 Firefox/64.0" 
104.222.33.29 - - [14/May/2020:03:58:19 -0700] "GET /favicon.ico HTTP/1.1" 200 391 "-" "Mozilla/5.0 (Windows NT 10.0; Win64; x64; rv:64.0) Gecko/20100101 Firefox/64.0" 
66.249.64.45 - - [14/May/2020:03:58:54 -0700] "GET /Datasets%20Description/HTML_Bro_log_1/packet_filter.html HTTP/1.1" 200 1725 "-" "Mozilla/5.0 (Linux; Android 6.0.1; Nexus 5X Build/MMB29P) AppleWebKit/537.36 (KHTML, like Gecko) Chrome/41.0.2272.96 Mobile Safari/537.36 (compatible; Googlebot/2.1; +http://www.google.com/bot.html)" 
111.186.51.161 - - [14/May/2020:03:56:17 -0700] "GET /Security-Data-Analysis/Lab_1/conn.log.zip HTTP/1.1" 206 55979132 "-" "Mozilla/5.0 (Windows NT 10.0; Win64; x64) AppleWebKit/537.36 (KHTML, like Gecko) Chrome/67.0.3396.99 Safari/537.36" 
157.55.39.213 - - [14/May/2020:03:59:22 -0700] "GET /self.logs/access.log.2018-10-13.gz HTTP/1.1" 200 18812 "-" "Mozilla/5.0 (compatible; bingbot/2.0; +http://www.bing.com/bingbot.htm)" 
111.186.51.161 - - [14/May/2020:03:56:17 -0700] "GET /Security-Data-Analysis/Lab_1/conn.log.zip HTTP/1.1" 206 71389280 "-" "Mozilla/5.0 (Windows NT 10.0; Win64; x64) AppleWebKit/537.36 (KHTML, like Gecko) Chrome/67.0.3396.99 Safari/537.36" 
111.186.51.161 - - [14/May/2020:03:59:56 -0700] "GET /Security-Data-Analysis/Lab_1/conn.log.zip HTTP/1.1" 206 26177152 "-" "Mozilla/5.0 (Windows NT 10.0; Win64; x64) AppleWebKit/537.36 (KHTML, like Gecko) Chrome/67.0.3396.99 Safari/537.36" 
111.186.51.161 - - [14/May/2020:03:56:17 -0700] "GET /Security-Data-Analysis/Lab_1/conn.log.zip HTTP/1.1" 206 94464469 "-" "Mozilla/5.0 (Windows NT 10.0; Win64; x64) AppleWebKit/537.36 (KHTML, like Gecko) Chrome/67.0.3396.99 Safari/537.36" 
111.186.51.161 - - [14/May/2020:03:56:05 -0700] "GET /Security-Data-Analysis/Lab_1/conn.log.zip HTTP/1.1" 200 116378960 "-" "Mozilla/5.0 (Windows NT 10.0; Win64; x64) AppleWebKit/537.36 (KHTML, like Gecko) Chrome/67.0.3396.99 Safari/537.36" 
111.186.51.161 - - [14/May/2020:04:01:27 -0700] "GET /Security-Data-Analysis/Lab_1/conn.log.zip HTTP/1.1" 206 15735600 "-" "Mozilla/5.0 (Windows NT 10.0; Win64; x64) AppleWebKit/537.36 (KHTML, like Gecko) Chrome/67.0.3396.99 Safari/537.36" 
111.186.51.161 - - [14/May/2020:04:01:52 -0700] "GET /Security-Data-Analysis/Lab_1/conn.log.zip HTTP/1.1" 206 8949030 "-" "Mozilla/5.0 (Windows NT 10.0; Win64; x64) AppleWebKit/537.36 (KHTML, like Gecko) Chrome/67.0.3396.99 Safari/537.36" 
111.186.51.161 - - [14/May/2020:03:56:17 -0700] "GET /Security-Data-Analysis/Lab_1/conn.log.zip HTTP/1.1" 206 99970118 "-" "Mozilla/5.0 (Windows NT 10.0; Win64; x64) AppleWebKit/537.36 (KHTML, like Gecko) Chrome/67.0.3396.99 Safari/537.36" 
111.186.51.161 - - [14/May/2020:04:01:41 -0700] "GET /Security-Data-Analysis/Lab_1/conn.log.zip HTTP/1.1" 206 5823040 "-" "Mozilla/5.0 (Windows NT 10.0; Win64; x64) AppleWebKit/537.36 (KHTML, like Gecko) Chrome/67.0.3396.99 Safari/537.36" 
111.186.51.161 - - [14/May/2020:03:59:06 -0700] "GET /Security-Data-Analysis/Lab_1/conn.log.zip HTTP/1.1" 206 54189240 "-" "Mozilla/5.0 (Windows NT 10.0; Win64; x64) AppleWebKit/537.36 (KHTML, like Gecko) Chrome/67.0.3396.99 Safari/537.36" 
111.186.51.161 - - [14/May/2020:04:02:30 -0700] "GET /Security-Data-Analysis/Lab_1/conn.log.zip HTTP/1.1" 206 794207 "-" "Mozilla/5.0 (Windows NT 10.0; Win64; x64) AppleWebKit/537.36 (KHTML, like Gecko) Chrome/67.0.3396.99 Safari/537.36" 
111.186.51.161 - - [14/May/2020:04:02:30 -0700] "GET /Security-Data-Analysis/Lab_1/conn.log.zip HTTP/1.1" 206 438960 "-" "Mozilla/5.0 (Windows NT 10.0; Win64; x64) AppleWebKit/537.36 (KHTML, like Gecko) Chrome/67.0.3396.99 Safari/537.36" 
111.186.51.161 - - [14/May/2020:04:02:23 -0700] "GET /Security-Data-Analysis/Lab_1/conn.log.zip HTTP/1.1" 206 1848460 "-" "Mozilla/5.0 (Windows NT 10.0; Win64; x64) AppleWebKit/537.36 (KHTML, like Gecko) Chrome/67.0.3396.99 Safari/537.36" 
111.186.51.161 - - [14/May/2020:04:02:27 -0700] "GET /Security-Data-Analysis/Lab_1/conn.log.zip HTTP/1.1" 206 827904 "-" "Mozilla/5.0 (Windows NT 10.0; Win64; x64) AppleWebKit/537.36 (KHTML, like Gecko) Chrome/67.0.3396.99 Safari/537.36" 
111.186.51.161 - - [14/May/2020:04:02:30 -0700] "GET /Security-Data-Analysis/Lab_1/conn.log.zip HTTP/1.1" 206 700600 "-" "Mozilla/5.0 (Windows NT 10.0; Win64; x64) AppleWebKit/537.36 (KHTML, like Gecko) Chrome/67.0.3396.99 Safari/537.36" 
159.65.37.116 - - [14/May/2020:04:04:39 -0700] "GET / HTTP/1.1" 200 12774 "http://www.secrepo.com" "Mozilla/5.0 (X11; Datanyze; Linux x86_64) AppleWebKit/537.36 (KHTML, like Gecko) Chrome/65.0.3325.181 Safari/537.36" 
159.65.37.116 - - [14/May/2020:04:04:40 -0700] "GET /css/style.css HTTP/1.1" 404 328 "-" "Mozilla/5.0 (X11; Datanyze; Linux x86_64) AppleWebKit/537.36 (KHTML, like Gecko) Chrome/65.0.3325.181 Safari/537.36" 
210.6.32.253 - - [14/May/2020:04:04:46 -0700] "GET / HTTP/1.1" 200 12774 "-" "Mozilla/5.0 (Windows NT 10.0; Win64; x64) AppleWebKit/537.36 (KHTML, like Gecko) Chrome/81.0.4044.138 Safari/537.36" 
210.6.32.253 - - [14/May/2020:04:04:46 -0700] "GET /css/style.css HTTP/1.1" 404 305 "http://www.secrepo.com/" "Mozilla/5.0 (Windows NT 10.0; Win64; x64) AppleWebKit/537.36 (KHTML, like Gecko) Chrome/81.0.4044.138 Safari/537.36" 
159.65.37.116 - - [14/May/2020:04:04:53 -0700] "GET /robots.txt HTTP/1.1" 200 377 "-" "Mozilla/5.0 (Windows NT 6.1; rv:28.0) Gecko/20100101 Firefox/28.0" 
159.65.37.116 - - [14/May/2020:04:04:59 -0700] "GET /data HTTP/1.1" 404 328 "http://www.secrepo.com" "Mozilla/5.0 (X11; Datanyze; Linux x86_64) AppleWebKit/537.36 (KHTML, like Gecko) Chrome/65.0.3325.181 Safari/537.36" 
159.65.37.116 - - [14/May/2020:04:04:59 -0700] "GET / HTTP/1.1" 301 475 "http://secrepo.com" "Mozilla/5.0 (X11; Datanyze; Linux x86_64) AppleWebKit/537.36 (KHTML, like Gecko) Chrome/65.0.3325.181 Safari/537.36" 
159.65.37.116 - - [14/May/2020:04:04:59 -0700] "GET /maccdc2012/dhcp.log.gz HTTP/1.1" 200 44977 "http://www.secrepo.com" "Mozilla/5.0 (X11; Datanyze; Linux x86_64) AppleWebKit/537.36 (KHTML, like Gecko) Chrome/65.0.3325.181 Safari/537.36" 
159.65.37.116 - - [14/May/2020:04:04:59 -0700] "GET / HTTP/1.1" 200 12774 "http://secrepo.com/" "Mozilla/5.0 (X11; Datanyze; Linux x86_64) AppleWebKit/537.36 (KHTML, like Gecko) Chrome/65.0.3325.181 Safari/537.36" 
159.65.37.116 - - [14/May/2020:04:04:59 -0700] "GET /maccdc2012/dns.log.gz HTTP/1.1" 200 6607379 "http://www.secrepo.com" "Mozilla/5.0 (X11; Datanyze; Linux x86_64) AppleWebKit/537.36 (KHTML, like Gecko) Chrome/65.0.3325.181 Safari/537.36" 
159.65.37.116 - - [14/May/2020:04:05:00 -0700] "GET /maccdc2012/ftp.log.gz HTTP/1.1" 200 127761 "http://www.secrepo.com" "Mozilla/5.0 (X11; Datanyze; Linux x86_64) AppleWebKit/537.36 (KHTML, like Gecko) Chrome/65.0.3325.181 Safari/537.36" 
159.65.37.116 - - [14/May/2020:04:05:00 -0700] "GET /maccdc2012/notice.log.gz HTTP/1.1" 200 20797 "http://www.secrepo.com" "Mozilla/5.0 (X11; Datanyze; Linux x86_64) AppleWebKit/537.36 (KHTML, like Gecko) Chrome/65.0.3325.181 Safari/537.36" 
159.65.37.116 - - [14/May/2020:04:05:00 -0700] "GET /maccdc2012/signatures.log.gz HTTP/1.1" 200 668 "http://www.secrepo.com" "Mozilla/5.0 (X11; Datanyze; Linux x86_64) AppleWebKit/537.36 (KHTML, like Gecko) Chrome/65.0.3325.181 Safari/537.36" 
159.65.37.116 - - [14/May/2020:04:05:01 -0700] "GET /maccdc2012/smtp.log.gz HTTP/1.1" 200 6956 "http://www.secrepo.com" "Mozilla/5.0 (X11; Datanyze; Linux x86_64) AppleWebKit/537.36 (KHTML, like Gecko) Chrome/65.0.3325.181 Safari/537.36" 
159.65.37.116 - - [14/May/2020:04:05:02 -0700] "GET /maccdc2012/ssh.log.gz HTTP/1.1" 200 182567 "http://www.secrepo.com" "Mozilla/5.0 (X11; Datanyze; Linux x86_64) AppleWebKit/537.36 (KHTML, like Gecko) Chrome/65.0.3325.181 Safari/537.36" 
159.65.37.116 - - [14/May/2020:04:05:02 -0700] "GET /maccdc2012/tunnel.log.gz HTTP/1.1" 200 5282 "http://www.secrepo.com" "Mozilla/5.0 (X11; Datanyze; Linux x86_64) AppleWebKit/537.36 (KHTML, like Gecko) Chrome/65.0.3325.181 Safari/537.36" 
159.65.37.116 - - [14/May/2020:04:05:02 -0700] "GET /maccdc2012/ssl.log.gz HTTP/1.1" 200 1311486 "http://www.secrepo.com" "Mozilla/5.0 (X11; Datanyze; Linux x86_64) AppleWebKit/537.36 (KHTML, like Gecko) Chrome/65.0.3325.181 Safari/537.36" 
159.65.37.116 - - [14/May/2020:04:05:02 -0700] "GET /maccdc2012/weird.log.gz HTTP/1.1" 200 1252854 "http://www.secrepo.com" "Mozilla/5.0 (X11; Datanyze; Linux x86_64) AppleWebKit/537.36 (KHTML, like Gecko) Chrome/65.0.3325.181 Safari/537.36" 
159.65.37.116 - - [14/May/2020:04:05:04 -0700] "GET /self.logs/ HTTP/1.1" 200 22754 "http://www.secrepo.com" "Mozilla/5.0 (X11; Datanyze; Linux x86_64) AppleWebKit/537.36 (KHTML, like Gecko) Chrome/65.0.3325.181 Safari/537.36" 
159.65.37.116 - - [14/May/2020:04:05:02 -0700] "GET /maccdc2012/maccdc2012_fast_alert.7z HTTP/1.1" 200 9478260 "http://www.secrepo.com" "Mozilla/5.0 (X11; Datanyze; Linux x86_64) AppleWebKit/537.36 (KHTML, like Gecko) Chrome/65.0.3325.181 Safari/537.36" 
159.65.37.116 - - [14/May/2020:04:05:03 -0700] "GET /tg/tg_snort_fast.7z HTTP/1.1" 200 4274204 "http://www.secrepo.com" "Mozilla/5.0 (X11; Datanyze; Linux x86_64) AppleWebKit/537.36 (KHTML, like Gecko) Chrome/65.0.3325.181 Safari/537.36" 
159.65.37.116 - - [14/May/2020:04:05:03 -0700] "GET /tg/tg_snort_full.7z HTTP/1.1" 200 8847905 "http://www.secrepo.com" "Mozilla/5.0 (X11; Datanyze; Linux x86_64) AppleWebKit/537.36 (KHTML, like Gecko) Chrome/65.0.3325.181 Safari/537.36" 
159.65.37.116 - - [14/May/2020:04:05:03 -0700] "GET /maccdc2012/maccdc2012_full_alert.7z HTTP/1.1" 200 24979053 "http://www.secrepo.com" "Mozilla/5.0 (X11; Datanyze; Linux x86_64) AppleWebKit/537.36 (KHTML, like Gecko) Chrome/65.0.3325.181 Safari/537.36" 
159.65.37.116 - - [14/May/2020:04:05:00 -0700] "GET /maccdc2012/http.log.gz HTTP/1.1" 200 56420988 "http://www.secrepo.com" "Mozilla/5.0 (X11; Datanyze; Linux x86_64) AppleWebKit/537.36 (KHTML, like Gecko) Chrome/65.0.3325.181 Safari/537.36" 
159.65.37.116 - - [14/May/2020:04:05:00 -0700] "GET /maccdc2012/files.log.gz HTTP/1.1" 200 51233469 "http://www.secrepo.com" "Mozilla/5.0 (X11; Datanyze; Linux x86_64) AppleWebKit/537.36 (KHTML, like Gecko) Chrome/65.0.3325.181 Safari/537.36" 
159.65.37.116 - - [14/May/2020:04:04:59 -0700] "GET /maccdc2012/conn.log.gz HTTP/1.1" 200 549157753 "http://www.secrepo.com" "Mozilla/5.0 (X11; Datanyze; Linux x86_64) AppleWebKit/537.36 (KHTML, like Gecko) Chrome/65.0.3325.181 Safari/537.36" 
220.181.108.143 - - [14/May/2020:04:11:01 -0700] "GET /misc/zeus_dga_domains.txt.zip HTTP/1.1" 200 592344 "-" "Mozilla/5.0 (compatible; Baiduspider/2.0; +http://www.baidu.com/search/spider.html)" 
112.36.93.37 - - [14/May/2020:04:13:24 -0700] "GET / HTTP/1.1" 200 12774 "https://www.baidu.com/link?url=5TOknVNubQlLm16ga95zWukXcsfCbjx8zB_ldxPO_2QV-nkBGC0uvqO9dist8V3Q&wd=&eqid=e00d0ebd00149253000000035ebd27a3" "Mozilla/5.0 (Macintosh; Intel Mac OS X 10_15_4) AppleWebKit/605.1.15 (KHTML, like Gecko) Version/13.1 Safari/605.1.15" 
112.36.93.37 - - [14/May/2020:04:13:30 -0700] "GET /css/style.css HTTP/1.1" 404 328 "http://www.secrepo.com/" "Mozilla/5.0 (Macintosh; Intel Mac OS X 10_15_4) AppleWebKit/605.1.15 (KHTML, like Gecko) Version/13.1 Safari/605.1.15" 
157.55.39.213 - - [14/May/2020:04:16:06 -0700] "GET /sitemap.xml.gz HTTP/1.1" 404 328 "-" "Mozilla/5.0 (compatible; bingbot/2.0; +http://www.bing.com/bingbot.htm)" 
5.188.210.8 - - [14/May/2020:04:18:46 -0700] "GET / HTTP/1.0" 200 47565 "http://www.secrepo.com/" "Mozilla/5.0 (Windows NT 10.0; Win64; x64) AppleWebKit/537.36 (KHTML, like Gecko) Chrome/67.0.3396.87 Safari/537.36 OPR/54.0.2952.71" 
66.249.64.47 - - [14/May/2020:04:21:24 -0700] "GET /ads.txt HTTP/1.1" 404 328 "-" "Mozilla/5.0 (compatible; Googlebot/2.1; +http://www.google.com/bot.html)" 
104.63.92.15 - - [14/May/2020:04:29:45 -0700] "GET / HTTP/1.1" 200 12774 "-" "Mozilla/5.0 (iPad; CPU OS 12_4_5 like Mac OS X) AppleWebKit/605.1.15 (KHTML, like Gecko) Version/12.1.2 Mobile/15E148 Safari/604.1" 
104.63.92.15 - - [14/May/2020:04:29:46 -0700] "GET /apple-touch-icon-152x152-precomposed.png HTTP/1.1" 404 328 "-" "MobileSafari/604.1 CFNetwork/978.0.7 Darwin/18.7.0" 
104.63.92.15 - - [14/May/2020:04:29:46 -0700] "GET /apple-touch-icon-152x152.png HTTP/1.1" 404 305 "-" "MobileSafari/604.1 CFNetwork/978.0.7 Darwin/18.7.0" 
104.63.92.15 - - [14/May/2020:04:29:46 -0700] "GET /apple-touch-icon-precomposed.png HTTP/1.1" 404 305 "-" "MobileSafari/604.1 CFNetwork/978.0.7 Darwin/18.7.0" 
104.63.92.15 - - [14/May/2020:04:29:46 -0700] "GET /apple-touch-icon.png HTTP/1.1" 404 305 "-" "MobileSafari/604.1 CFNetwork/978.0.7 Darwin/18.7.0" 
104.63.92.15 - - [14/May/2020:04:29:46 -0700] "GET /bootstrap/img/favicon.ico HTTP/1.1" 200 690 "-" "MobileSafari/604.1 CFNetwork/978.0.7 Darwin/18.7.0" 
42.236.102.3 - - [14/May/2020:04:41:08 -0700] "GET /honeypot/BSidesDFW%20-%202014.ipynb HTTP/1.1" 200 930921 "http://www.secrepo.com/honeypot/BSidesDFW%20-%202014.ipynb" "Mozilla/5.0 (Windows NT 6.1; WOW64) AppleWebKit/537.36 (KHTML, like Gecko) Chrome/50.4.2661.102 Safari/537.36; 360Spider" 
157.55.39.213 - - [14/May/2020:04:43:24 -0700] "GET /Datasets%20Description/Network/http.html HTTP/1.1" 200 1709 "-" "Mozilla/5.0 (compatible; bingbot/2.0; +http://www.bing.com/bingbot.htm)" 
66.249.64.49 - - [14/May/2020:04:51:00 -0700] "GET /honeypot/Honeypot%20-%20Howto.pdf HTTP/1.1" 200 1279529 "-" "Mozilla/5.0 (Linux; Android 6.0.1; Nexus 5X Build/MMB29P) AppleWebKit/537.36 (KHTML, like Gecko) Chrome/41.0.2272.96 Mobile Safari/537.36 (compatible; Googlebot/2.1; +http://www.google.com/bot.html)" 
122.235.41.240 - - [14/May/2020:04:56:33 -0700] "GET / HTTP/1.1" 200 12774 "-" "Mozilla/5.0 (Windows NT 10.0; WOW64) AppleWebKit/537.36 (KHTML, like Gecko) Chrome/70.0.3538.25 Safari/537.36 Core/1.70.3732.400 QQBrowser/10.5.3819.400" 
122.235.41.240 - - [14/May/2020:04:56:33 -0700] "GET /css/style.css HTTP/1.1" 404 328 "http://www.secrepo.com/" "Mozilla/5.0 (Windows NT 10.0; WOW64) AppleWebKit/537.36 (KHTML, like Gecko) Chrome/70.0.3538.25 Safari/537.36 Core/1.70.3732.400 QQBrowser/10.5.3819.400" 
122.235.41.240 - - [14/May/2020:04:56:34 -0700] "GET /twitter-icon.png HTTP/1.1" 200 27893 "http://www.secrepo.com/" "Mozilla/5.0 (Windows NT 10.0; WOW64) AppleWebKit/537.36 (KHTML, like Gecko) Chrome/70.0.3538.25 Safari/537.36 Core/1.70.3732.400 QQBrowser/10.5.3819.400" 
122.235.41.240 - - [14/May/2020:04:56:34 -0700] "GET /GitHub-Mark.png HTTP/1.1" 200 7556 "http://www.secrepo.com/" "Mozilla/5.0 (Windows NT 10.0; WOW64) AppleWebKit/537.36 (KHTML, like Gecko) Chrome/70.0.3538.25 Safari/537.36 Core/1.70.3732.400 QQBrowser/10.5.3819.400" 
122.235.41.240 - - [14/May/2020:04:56:42 -0700] "GET / HTTP/1.1" 200 12774 "-" "Mozilla/5.0 (Windows NT 10.0; WOW64) AppleWebKit/537.36 (KHTML, like Gecko) Chrome/70.0.3538.25 Safari/537.36 Core/1.70.3732.400 QQBrowser/10.5.3819.400" 
122.235.41.240 - - [14/May/2020:04:56:42 -0700] "GET /css/style.css HTTP/1.1" 404 305 "http://www.secrepo.com/" "Mozilla/5.0 (Windows NT 10.0; WOW64) AppleWebKit/537.36 (KHTML, like Gecko) Chrome/70.0.3538.25 Safari/537.36 Core/1.70.3732.400 QQBrowser/10.5.3819.400" 
122.235.41.240 - - [14/May/2020:04:56:47 -0700] "GET / HTTP/1.1" 200 12774 "-" "Mozilla/5.0 (Windows NT 10.0; WOW64) AppleWebKit/537.36 (KHTML, like Gecko) Chrome/70.0.3538.25 Safari/537.36 Core/1.70.3732.400 QQBrowser/10.5.3819.400" 
122.235.41.240 - - [14/May/2020:04:56:47 -0700] "GET /css/style.css HTTP/1.1" 404 305 "http://www.secrepo.com/" "Mozilla/5.0 (Windows NT 10.0; WOW64) AppleWebKit/537.36 (KHTML, like Gecko) Chrome/70.0.3538.25 Safari/537.36 Core/1.70.3732.400 QQBrowser/10.5.3819.400" 
122.235.41.240 - - [14/May/2020:04:57:02 -0700] "GET /bootstrap/img/favicon.ico HTTP/1.1" 200 713 "http://www.secrepo.com/" "Mozilla/5.0 (Windows NT 10.0; WOW64) AppleWebKit/537.36 (KHTML, like Gecko) Chrome/70.0.3538.25 Safari/537.36 Core/1.70.3732.400 QQBrowser/10.5.3819.400" 
13.90.253.53 - - [14/May/2020:05:35:15 -0700] "GET / HTTP/1.1" 200 12730 "-" "awesome_bot" 
162.210.196.129 - - [14/May/2020:05:40:07 -0700] "GET /robots.txt HTTP/1.1" 200 377 "-" "Mozilla/5.0 (compatible; MJ12bot/v1.4.8; http://mj12bot.com/)" 
162.210.196.129 - - [14/May/2020:05:40:08 -0700] "GET / HTTP/1.1" 200 12696 "-" "Mozilla/5.0 (compatible; MJ12bot/v1.4.8; http://mj12bot.com/)" 
157.55.39.213 - - [14/May/2020:05:48:44 -0700] "GET /self.logs/2015/ HTTP/1.1" 200 7621 "-" "Mozilla/5.0 (compatible; bingbot/2.0; +http://www.bing.com/bingbot.htm)" 
120.244.140.222 - - [14/May/2020:06:05:07 -0700] "GET / HTTP/1.1" 200 12774 "-" "Mozilla/5.0 (Windows NT 10.0; Win64; x64) AppleWebKit/537.36 (KHTML, like Gecko) Chrome/81.0.4044.138 Safari/537.36" 
120.244.140.222 - - [14/May/2020:06:05:08 -0700] "GET /css/style.css HTTP/1.1" 404 328 "http://www.secrepo.com/" "Mozilla/5.0 (Windows NT 10.0; Win64; x64) AppleWebKit/537.36 (KHTML, like Gecko) Chrome/81.0.4044.138 Safari/537.36" 
117.136.14.189 - - [14/May/2020:06:05:44 -0700] "GET /favicon.ico HTTP/1.1" 200 391 "-" "Mozilla/5.0 (Windows NT 10.0; WOW64) AppleWebKit/537.36 (KHTML, like Gecko) Chrome/78.0.3904.108 Safari/537.36" 
162.210.196.98 - - [14/May/2020:06:06:05 -0700] "GET /robots.txt HTTP/1.1" 301 495 "-" "Mozilla/5.0 (compatible; MJ12bot/v1.4.8; http://mj12bot.com/)" 
162.210.196.98 - - [14/May/2020:06:06:06 -0700] "GET /robots.txt HTTP/1.1" 200 377 "-" "Mozilla/5.0 (compatible; MJ12bot/v1.4.8; http://mj12bot.com/)" 
162.210.196.98 - - [14/May/2020:06:06:08 -0700] "GET / HTTP/1.1" 301 419 "-" "Mozilla/5.0 (compatible; MJ12bot/v1.4.8; http://mj12bot.com/)" 
162.210.196.98 - - [14/May/2020:06:06:10 -0700] "GET / HTTP/1.1" 200 12730 "-" "Mozilla/5.0 (compatible; MJ12bot/v1.4.8; http://mj12bot.com/)" 
221.218.136.158 - - [14/May/2020:06:23:09 -0700] "GET / HTTP/1.1" 200 12774 "-" "Mozilla/5.0 (Windows NT 10.0; WOW64) AppleWebKit/537.36 (KHTML, like Gecko) Chrome/78.0.3904.108 Safari/537.36" 
221.218.136.158 - - [14/May/2020:06:23:09 -0700] "GET /css/style.css HTTP/1.1" 404 305 "http://www.secrepo.com/" "Mozilla/5.0 (Windows NT 10.0; WOW64) AppleWebKit/537.36 (KHTML, like Gecko) Chrome/78.0.3904.108 Safari/537.36" 
221.218.136.158 - - [14/May/2020:06:23:09 -0700] "GET /twitter-icon.png HTTP/1.1" 200 27916 "http://www.secrepo.com/" "Mozilla/5.0 (Windows NT 10.0; WOW64) AppleWebKit/537.36 (KHTML, like Gecko) Chrome/78.0.3904.108 Safari/537.36" 
221.218.136.158 - - [14/May/2020:06:23:10 -0700] "GET /GitHub-Mark.png HTTP/1.1" 200 7533 "http://www.secrepo.com/" "Mozilla/5.0 (Windows NT 10.0; WOW64) AppleWebKit/537.36 (KHTML, like Gecko) Chrome/78.0.3904.108 Safari/537.36" 
61.190.32.146 - - [14/May/2020:06:31:44 -0700] "GET / HTTP/1.1" 200 12774 "-" "Mozilla/5.0 (Windows NT 10.0; Win64; x64) AppleWebKit/537.36 (KHTML, like Gecko) Chrome/81.0.4044.138 Safari/537.36" 
61.190.32.146 - - [14/May/2020:06:31:44 -0700] "GET /css/style.css HTTP/1.1" 404 328 "http://www.secrepo.com/" "Mozilla/5.0 (Windows NT 10.0; Win64; x64) AppleWebKit/537.36 (KHTML, like Gecko) Chrome/81.0.4044.138 Safari/537.36" 
61.190.32.146 - - [14/May/2020:06:31:45 -0700] "GET /twitter-icon.png HTTP/1.1" 200 27893 "http://www.secrepo.com/" "Mozilla/5.0 (Windows NT 10.0; Win64; x64) AppleWebKit/537.36 (KHTML, like Gecko) Chrome/81.0.4044.138 Safari/537.36" 
61.190.32.146 - - [14/May/2020:06:31:45 -0700] "GET /GitHub-Mark.png HTTP/1.1" 200 7533 "http://www.secrepo.com/" "Mozilla/5.0 (Windows NT 10.0; Win64; x64) AppleWebKit/537.36 (KHTML, like Gecko) Chrome/81.0.4044.138 Safari/537.36" 
61.190.32.146 - - [14/May/2020:06:32:11 -0700] "GET /bootstrap/img/favicon.ico HTTP/1.1" 200 713 "http://www.secrepo.com/" "Mozilla/5.0 (Windows NT 10.0; Win64; x64) AppleWebKit/537.36 (KHTML, like Gecko) Chrome/81.0.4044.138 Safari/537.36" 
68.84.2.202 - - [14/May/2020:07:02:37 -0700] "GET / HTTP/1.1" 200 12773 "https://www.google.com/" "Mozilla/5.0 (Windows NT 10.0; Win64; x64) AppleWebKit/537.36 (KHTML, like Gecko) Chrome/81.0.4044.138 Safari/537.36" 
68.84.2.202 - - [14/May/2020:07:02:38 -0700] "GET /css/style.css HTTP/1.1" 404 305 "http://www.secrepo.com/" "Mozilla/5.0 (Windows NT 10.0; Win64; x64) AppleWebKit/537.36 (KHTML, like Gecko) Chrome/81.0.4044.138 Safari/537.36" 
68.84.2.202 - - [14/May/2020:07:02:38 -0700] "GET /twitter-icon.png HTTP/1.1" 200 27893 "http://www.secrepo.com/" "Mozilla/5.0 (Windows NT 10.0; Win64; x64) AppleWebKit/537.36 (KHTML, like Gecko) Chrome/81.0.4044.138 Safari/537.36" 
68.84.2.202 - - [14/May/2020:07:02:38 -0700] "GET /GitHub-Mark.png HTTP/1.1" 200 7533 "http://www.secrepo.com/" "Mozilla/5.0 (Windows NT 10.0; Win64; x64) AppleWebKit/537.36 (KHTML, like Gecko) Chrome/81.0.4044.138 Safari/537.36" 
112.80.138.58 - - [14/May/2020:07:10:01 -0700] "GET /favicon.ico HTTP/1.1" 200 391 "-" "Mozilla/5.0 (Windows NT 10.0; WOW64) AppleWebKit/537.36 (KHTML, like Gecko) Chrome/55.0.2883.87 Safari/537.36" 
157.55.39.213 - - [14/May/2020:07:11:04 -0700] "GET /sitemap.xml.gz HTTP/1.1" 404 328 "-" "Mozilla/5.0 (compatible; bingbot/2.0; +http://www.bing.com/bingbot.htm)" 
194.27.69.169 - - [14/May/2020:07:13:08 -0700] "GET / HTTP/1.1" 301 475 "http://anti-crisis-seo.com" "Mozilla/5.0 (Windows NT 10.0; Win64; x64) AppleWebKit/537.36 (KHTML, like Gecko) Chrome/74.0.3729.169 Safari/537.36" 
5.167.234.140 - - [14/May/2020:07:21:49 -0700] "GET /Datasets%20Description/PE_malware/VirusShare.html HTTP/1.1" 200 1651 "https://www.google.com/" "Mozilla/5.0 (Windows NT 10.0; Win64; x64) AppleWebKit/537.36 (KHTML, like Gecko) Chrome/81.0.4044.138 Safari/537.36" 
5.167.234.140 - - [14/May/2020:07:21:50 -0700] "GET /favicon.ico HTTP/1.1" 200 368 "http://www.secrepo.com/Datasets%20Description/PE_malware/VirusShare.html" "Mozilla/5.0 (Windows NT 10.0; Win64; x64) AppleWebKit/537.36 (KHTML, like Gecko) Chrome/81.0.4044.138 Safari/537.36" 
223.11.126.120 - - [14/May/2020:06:59:06 -0700] "GET /honeypot/honeypot.json.zip HTTP/1.1" 200 5157504 "-" "Mozilla/5.0 (Windows NT 10.0; Win64; x64; rv:76.0) Gecko/20100101 Firefox/76.0" 
58.250.125.132 - - [14/May/2020:07:49:21 -0700] "GET / HTTP/1.1" 301 438 "-" "Sogou web spider/4.0(+http://www.sogou.com/docs/help/webmasters.htm#07)" 
103.57.134.28 - - [14/May/2020:07:45:46 -0700] "GET /Security-Data-Analysis/Lab_1/conn.log.zip HTTP/1.1" 200 547221542 "-" "Mozilla/5.0 (Windows NT 10.0; Win64; x64) AppleWebKit/537.36 (KHTML, like Gecko) Chrome/81.0.4044.138 Safari/537.36" 
207.46.13.210 - - [14/May/2020:07:50:42 -0700] "GET /honeypot/BSidesDFW%20-%202014.ipynb HTTP/1.1" 200 930921 "-" "Mozilla/5.0 (compatible; bingbot/2.0; +http://www.bing.com/bingbot.htm)" 
58.250.125.132 - - [14/May/2020:07:53:49 -0700] "GET / HTTP/1.1" 200 12737 "-" "Sogou web spider/4.0(+http://www.sogou.com/docs/help/webmasters.htm#07)" 
66.249.83.83 - - [14/May/2020:07:57:48 -0700] "GET / HTTP/1.1" 200 12774 "-" "Mozilla/5.0 (X11; Linux x86_64) AppleWebKit/537.36 (KHTML, like Gecko) Chrome/49.0.2623.75 Safari/537.36 Google Favicon" 
66.249.83.85 - - [14/May/2020:07:57:48 -0700] "GET /bootstrap/img/favicon.ico HTTP/1.1" 200 713 "-" "Mozilla/5.0 (X11; Linux x86_64) AppleWebKit/537.36 (KHTML, like Gecko) Chrome/49.0.2623.75 Safari/537.36 Google Favicon" 
112.36.93.37 - - [14/May/2020:08:00:53 -0700] "GET / HTTP/1.1" 200 12774 "https://www.baidu.com/link?url=5TOknVNubQlLm16ga95zWukXcsfCbjx8zB_ldxPO_2QV-nkBGC0uvqO9dist8V3Q&wd=&eqid=e00d0ebd00149253000000035ebd27a3" "Mozilla/5.0 (Macintosh; Intel Mac OS X 10_15_4) AppleWebKit/605.1.15 (KHTML, like Gecko) Version/13.1 Safari/605.1.15" 
112.36.93.37 - - [14/May/2020:08:00:54 -0700] "GET / HTTP/1.1" 200 12774 "-" "Mozilla/5.0 (Macintosh; Intel Mac OS X 10_11_1) AppleWebKit/601.2.4 (KHTML, like Gecko) Version/9.0.1 Safari/601.2.4 facebookexternalhit/1.1 Facebot Twitterbot/1.0" 
104.192.108.9 - - [14/May/2020:08:08:27 -0700] "GET / HTTP/1.1" 200 12774 "-" "Mozilla/5.0 (Macintosh; Intel Mac OS X 10_14_6) AppleWebKit/605.1.15 (KHTML, like Gecko) Version/13.1 Safari/605.1.15" 
104.192.108.9 - - [14/May/2020:08:08:27 -0700] "GET /css/style.css HTTP/1.1" 404 328 "http://www.secrepo.com/" "Mozilla/5.0 (Macintosh; Intel Mac OS X 10_14_6) AppleWebKit/605.1.15 (KHTML, like Gecko) Version/13.1 Safari/605.1.15" 
104.192.108.9 - - [14/May/2020:08:08:27 -0700] "GET /twitter-icon.png HTTP/1.1" 200 27893 "http://www.secrepo.com/" "Mozilla/5.0 (Macintosh; Intel Mac OS X 10_14_6) AppleWebKit/605.1.15 (KHTML, like Gecko) Version/13.1 Safari/605.1.15" 
104.192.108.10 - - [14/May/2020:08:08:28 -0700] "GET /GitHub-Mark.png HTTP/1.1" 200 7556 "http://www.secrepo.com/" "Mozilla/5.0 (Macintosh; Intel Mac OS X 10_14_6) AppleWebKit/605.1.15 (KHTML, like Gecko) Version/13.1 Safari/605.1.15" 
207.46.13.210 - - [14/May/2020:08:08:29 -0700] "GET /self.logs/access.log.2017-11-02.gz HTTP/1.1" 301 543 "-" "Mozilla/5.0 (compatible; bingbot/2.0; +http://www.bing.com/bingbot.htm)" 
104.192.108.9 - - [14/May/2020:08:08:31 -0700] "GET /bootstrap/img/favicon.ico HTTP/1.1" 200 713 "http://www.secrepo.com/" "Mozilla/5.0 (Macintosh; Intel Mac OS X 10_14_6) AppleWebKit/605.1.15 (KHTML, like Gecko) Version/13.1 Safari/605.1.15" 
188.213.143.114 - - [14/May/2020:08:11:11 -0700] "GET /honeypot/Honeypot%20-%20Howto.pdf HTTP/1.1" 200 1279529 "-" "Mozilla/5.0 (Windows NT 10.0; WOW64; Rv:50.0) Gecko/20100101 Firefox/50.0" 
73.16.154.228 - - [14/May/2020:08:11:23 -0700] "GET / HTTP/1.1" 200 12774 "https://www.researchgate.net/" "Mozilla/5.0 (Windows NT 10.0; Win64; x64) AppleWebKit/537.36 (KHTML, like Gecko) Chrome/81.0.4044.138 Safari/537.36" 
73.16.154.228 - - [14/May/2020:08:11:23 -0700] "GET /css/style.css HTTP/1.1" 404 305 "http://www.secrepo.com/" "Mozilla/5.0 (Windows NT 10.0; Win64; x64) AppleWebKit/537.36 (KHTML, like Gecko) Chrome/81.0.4044.138 Safari/537.36" 
73.16.154.228 - - [14/May/2020:08:11:23 -0700] "GET /twitter-icon.png HTTP/1.1" 200 27893 "http://www.secrepo.com/" "Mozilla/5.0 (Windows NT 10.0; Win64; x64) AppleWebKit/537.36 (KHTML, like Gecko) Chrome/81.0.4044.138 Safari/537.36" 
73.16.154.228 - - [14/May/2020:08:11:23 -0700] "GET /GitHub-Mark.png HTTP/1.1" 200 7556 "http://www.secrepo.com/" "Mozilla/5.0 (Windows NT 10.0; Win64; x64) AppleWebKit/537.36 (KHTML, like Gecko) Chrome/81.0.4044.138 Safari/537.36" 
73.16.154.228 - - [14/May/2020:08:11:25 -0700] "GET /bootstrap/img/favicon.ico HTTP/1.1" 200 690 "http://www.secrepo.com/" "Mozilla/5.0 (Windows NT 10.0; Win64; x64) AppleWebKit/537.36 (KHTML, like Gecko) Chrome/81.0.4044.138 Safari/537.36" 
157.55.39.160 - - [14/May/2020:08:12:01 -0700] "GET / HTTP/1.1" 200 12774 "-" "Mozilla/5.0 (compatible; bingbot/2.0; +http://www.bing.com/bingbot.htm)" 
207.46.13.210 - - [14/May/2020:08:12:13 -0700] "GET /css/style.css HTTP/1.1" 404 328 "-" "Mozilla/5.0 (compatible; bingbot/2.0; +http://www.bing.com/bingbot.htm)" 
66.249.64.66 - - [14/May/2020:08:21:29 -0700] "GET /ads.txt HTTP/1.1" 301 489 "-" "Mozilla/5.0 (compatible; Googlebot/2.1; +http://www.google.com/bot.html)" 
66.249.64.45 - - [14/May/2020:08:21:29 -0700] "GET /robots.txt HTTP/1.1" 200 377 "-" "Mozilla/5.0 (compatible; Googlebot/2.1; +http://www.google.com/bot.html)" 
68.84.2.202 - - [14/May/2020:08:23:36 -0700] "GET / HTTP/1.1" 200 12774 "-" "Mozilla/5.0 (Windows NT 10.0; Win64; x64) AppleWebKit/537.36 (KHTML, like Gecko) Chrome/81.0.4044.138 Safari/537.36" 
157.55.39.213 - - [14/May/2020:08:28:54 -0700] "GET /self.logs/?C=N;O=A HTTP/1.1" 200 22793 "-" "Mozilla/5.0 (compatible; bingbot/2.0; +http://www.bing.com/bingbot.htm)" 
207.46.13.210 - - [14/May/2020:08:33:41 -0700] "GET /Datasets%20Description/HTML_Bro_log_1/conn.html HTTP/1.1" 200 2011 "-" "Mozilla/5.0 (compatible; bingbot/2.0; +http://www.bing.com/bingbot.htm)" 
157.55.39.17 - - [14/May/2020:08:42:38 -0700] "GET /robots.txt HTTP/1.1" 200 377 "-" "Mozilla/5.0 (compatible; bingbot/2.0; +http://www.bing.com/bingbot.htm)" 
17.58.98.72 - - [14/May/2020:08:48:08 -0700] "GET /robots.txt HTTP/1.1" 200 333 "-" "Mozilla/5.0 (Macintosh; Intel Mac OS X 10_10_1) AppleWebKit/600.2.5 (KHTML, like Gecko) Version/8.0.2 Safari/600.2.5 (Applebot/0.1; +http://www.apple.com/go/applebot)" 
17.58.96.129 - - [14/May/2020:08:48:08 -0700] "GET /self.logs HTTP/1.1" 301 507 "-" "Mozilla/5.0 (Macintosh; Intel Mac OS X 10_10_1) AppleWebKit/600.2.5 (KHTML, like Gecko) Version/8.0.2 Safari/600.2.5 (Applebot/0.1; +http://www.apple.com/go/applebot)" 
17.58.96.129 - - [14/May/2020:08:48:09 -0700] "GET /self.logs/ HTTP/1.1" 200 22715 "-" "Mozilla/5.0 (Macintosh; Intel Mac OS X 10_10_1) AppleWebKit/600.2.5 (KHTML, like Gecko) Version/8.0.2 Safari/600.2.5 (Applebot/0.1; +http://www.apple.com/go/applebot)" 
42.236.12.130 - - [14/May/2020:08:50:11 -0700] "GET / HTTP/1.1" 200 12774 "http://www.secrepo.com/" "Mozilla/5.0 (Windows NT 6.1; WOW64) AppleWebKit/537.36 (KHTML, like Gecko) Chrome/50.4.2661.102 Safari/537.36; 360Spider" 
157.55.39.160 - - [14/May/2020:08:50:35 -0700] "GET /Datasets%20Description/HTML_Bro_log_1/notice.html HTTP/1.1" 200 2001 "-" "Mozilla/5.0 (compatible; bingbot/2.0; +http://www.bing.com/bingbot.htm)" 
68.84.2.202 - - [14/May/2020:08:54:21 -0700] "GET / HTTP/1.1" 200 12774 "https://www.google.com/" "Mozilla/5.0 (Windows NT 10.0; Win64; x64) AppleWebKit/537.36 (KHTML, like Gecko) Chrome/81.0.4044.138 Safari/537.36" 
68.84.2.202 - - [14/May/2020:08:54:22 -0700] "GET /css/style.css HTTP/1.1" 404 305 "http://www.secrepo.com/" "Mozilla/5.0 (Windows NT 10.0; Win64; x64) AppleWebKit/537.36 (KHTML, like Gecko) Chrome/81.0.4044.138 Safari/537.36" 
68.84.2.202 - - [14/May/2020:08:54:24 -0700] "GET /twitter-icon.png HTTP/1.1" 200 27893 "http://www.secrepo.com/" "Mozilla/5.0 (Windows NT 10.0; Win64; x64) AppleWebKit/537.36 (KHTML, like Gecko) Chrome/81.0.4044.138 Safari/537.36" 
68.84.2.202 - - [14/May/2020:08:54:24 -0700] "GET /GitHub-Mark.png HTTP/1.1" 200 7533 "http://www.secrepo.com/" "Mozilla/5.0 (Windows NT 10.0; Win64; x64) AppleWebKit/537.36 (KHTML, like Gecko) Chrome/81.0.4044.138 Safari/537.36" 
3.80.54.182 - - [14/May/2020:08:56:46 -0700] "GET / HTTP/1.1" 301 475 "-" "python-requests/2.18.1" 
3.80.54.182 - - [14/May/2020:08:56:46 -0700] "GET / HTTP/1.1" 200 12774 "-" "python-requests/2.18.1" 
3.80.54.182 - - [14/May/2020:08:56:46 -0700] "GET / HTTP/1.1" 200 12774 "-" "python-requests/2.18.1" 
3.80.54.182 - - [14/May/2020:08:56:46 -0700] "GET / HTTP/1.1" 200 12774 "-" "python-requests/2.18.1" 
77.75.77.95 - - [14/May/2020:09:14:22 -0700] "GET /robots.txt HTTP/1.1" 200 377 "-" "Mozilla/5.0 (compatible; SeznamBot/3.2; +http://napoveda.seznam.cz/en/seznambot-intro/)" 
77.75.77.95 - - [14/May/2020:09:14:24 -0700] "GET /self.logs/ HTTP/1.1" 200 22793 "-" "Mozilla/5.0 (compatible; SeznamBot/3.2; +http://napoveda.seznam.cz/en/seznambot-intro/)" 
157.55.39.213 - - [14/May/2020:09:21:58 -0700] "GET /self.logs/access.log.2017-02-09.gz HTTP/1.1" 304 280 "-" "Mozilla/5.0 (compatible; bingbot/2.0; +http://www.bing.com/bingbot.htm)" 
23.102.78.72 - - [14/May/2020:09:26:10 -0700] "GET / HTTP/1.1" 301 475 "-" "Mozilla/5.0 (Windows NT 10.0; Win64; x64) AppleWebKit/537.36 (KHTML, like Gecko) Chrome/76.0.3809.132 Safari/537.36" 
23.102.78.72 - - [14/May/2020:09:26:13 -0700] "GET //wp-includes/wlwmanifest.xml HTTP/1.1" 404 328 "-" "Mozilla/5.0 (Windows NT 10.0; Win64; x64) AppleWebKit/537.36 (KHTML, like Gecko) Chrome/76.0.3809.132 Safari/537.36" 
23.102.78.72 - - [14/May/2020:09:26:13 -0700] "GET //xmlrpc.php?rsd HTTP/1.1" 404 305 "-" "Mozilla/5.0 (Windows NT 10.0; Win64; x64) AppleWebKit/537.36 (KHTML, like Gecko) Chrome/76.0.3809.132 Safari/537.36" 
23.102.78.72 - - [14/May/2020:09:26:13 -0700] "GET / HTTP/1.1" 200 47579 "-" "Mozilla/5.0 (Windows NT 10.0; Win64; x64) AppleWebKit/537.36 (KHTML, like Gecko) Chrome/76.0.3809.132 Safari/537.36" 
23.102.78.72 - - [14/May/2020:09:26:14 -0700] "GET //blog/wp-includes/wlwmanifest.xml HTTP/1.1" 404 305 "-" "Mozilla/5.0 (Windows NT 10.0; Win64; x64) AppleWebKit/537.36 (KHTML, like Gecko) Chrome/76.0.3809.132 Safari/537.36" 
23.102.78.72 - - [14/May/2020:09:26:14 -0700] "GET //web/wp-includes/wlwmanifest.xml HTTP/1.1" 404 305 "-" "Mozilla/5.0 (Windows NT 10.0; Win64; x64) AppleWebKit/537.36 (KHTML, like Gecko) Chrome/76.0.3809.132 Safari/537.36" 
23.102.78.72 - - [14/May/2020:09:26:14 -0700] "GET //wordpress/wp-includes/wlwmanifest.xml HTTP/1.1" 404 305 "-" "Mozilla/5.0 (Windows NT 10.0; Win64; x64) AppleWebKit/537.36 (KHTML, like Gecko) Chrome/76.0.3809.132 Safari/537.36" 
23.102.78.72 - - [14/May/2020:09:26:14 -0700] "GET //website/wp-includes/wlwmanifest.xml HTTP/1.1" 404 305 "-" "Mozilla/5.0 (Windows NT 10.0; Win64; x64) AppleWebKit/537.36 (KHTML, like Gecko) Chrome/76.0.3809.132 Safari/537.36" 
23.102.78.72 - - [14/May/2020:09:26:15 -0700] "GET //wp/wp-includes/wlwmanifest.xml HTTP/1.1" 404 305 "-" "Mozilla/5.0 (Windows NT 10.0; Win64; x64) AppleWebKit/537.36 (KHTML, like Gecko) Chrome/76.0.3809.132 Safari/537.36" 
23.102.78.72 - - [14/May/2020:09:26:15 -0700] "GET //news/wp-includes/wlwmanifest.xml HTTP/1.1" 404 305 "-" "Mozilla/5.0 (Windows NT 10.0; Win64; x64) AppleWebKit/537.36 (KHTML, like Gecko) Chrome/76.0.3809.132 Safari/537.36" 
23.102.78.72 - - [14/May/2020:09:26:15 -0700] "GET //2018/wp-includes/wlwmanifest.xml HTTP/1.1" 404 305 "-" "Mozilla/5.0 (Windows NT 10.0; Win64; x64) AppleWebKit/537.36 (KHTML, like Gecko) Chrome/76.0.3809.132 Safari/537.36" 
